Archive member included to satisfy reference by file (symbol)

c:/st/stm32cubeide_1.11.2/stm32cubeide/plugins/com.st.stm32cube.ide.mcu.externaltools.gnu-tools-for-stm32.10.3-2021.10.win32_1.0.200.202301161003/tools/bin/../lib/gcc/arm-none-eabi/10.3.1/../../../../arm-none-eabi/lib/thumb/v7-m/nofp\libc_nano.a(lib_a-errno.o)
                              ./Core/Src/syscalls.o (__errno)
c:/st/stm32cubeide_1.11.2/stm32cubeide/plugins/com.st.stm32cube.ide.mcu.externaltools.gnu-tools-for-stm32.10.3-2021.10.win32_1.0.200.202301161003/tools/bin/../lib/gcc/arm-none-eabi/10.3.1/../../../../arm-none-eabi/lib/thumb/v7-m/nofp\libc_nano.a(lib_a-exit.o)
                              c:/st/stm32cubeide_1.11.2/stm32cubeide/plugins/com.st.stm32cube.ide.mcu.externaltools.gnu-tools-for-stm32.10.3-2021.10.win32_1.0.200.202301161003/tools/bin/../lib/gcc/arm-none-eabi/10.3.1/../../../../arm-none-eabi/lib/thumb/v7-m/nofp/crt0.o (exit)
c:/st/stm32cubeide_1.11.2/stm32cubeide/plugins/com.st.stm32cube.ide.mcu.externaltools.gnu-tools-for-stm32.10.3-2021.10.win32_1.0.200.202301161003/tools/bin/../lib/gcc/arm-none-eabi/10.3.1/../../../../arm-none-eabi/lib/thumb/v7-m/nofp\libc_nano.a(lib_a-impure.o)
                              c:/st/stm32cubeide_1.11.2/stm32cubeide/plugins/com.st.stm32cube.ide.mcu.externaltools.gnu-tools-for-stm32.10.3-2021.10.win32_1.0.200.202301161003/tools/bin/../lib/gcc/arm-none-eabi/10.3.1/../../../../arm-none-eabi/lib/thumb/v7-m/nofp\libc_nano.a(lib_a-exit.o) (_global_impure_ptr)
c:/st/stm32cubeide_1.11.2/stm32cubeide/plugins/com.st.stm32cube.ide.mcu.externaltools.gnu-tools-for-stm32.10.3-2021.10.win32_1.0.200.202301161003/tools/bin/../lib/gcc/arm-none-eabi/10.3.1/../../../../arm-none-eabi/lib/thumb/v7-m/nofp\libc_nano.a(lib_a-init.o)
                              c:/st/stm32cubeide_1.11.2/stm32cubeide/plugins/com.st.stm32cube.ide.mcu.externaltools.gnu-tools-for-stm32.10.3-2021.10.win32_1.0.200.202301161003/tools/bin/../lib/gcc/arm-none-eabi/10.3.1/../../../../arm-none-eabi/lib/thumb/v7-m/nofp/crt0.o (__libc_init_array)
c:/st/stm32cubeide_1.11.2/stm32cubeide/plugins/com.st.stm32cube.ide.mcu.externaltools.gnu-tools-for-stm32.10.3-2021.10.win32_1.0.200.202301161003/tools/bin/../lib/gcc/arm-none-eabi/10.3.1/../../../../arm-none-eabi/lib/thumb/v7-m/nofp\libc_nano.a(lib_a-memset.o)
                              c:/st/stm32cubeide_1.11.2/stm32cubeide/plugins/com.st.stm32cube.ide.mcu.externaltools.gnu-tools-for-stm32.10.3-2021.10.win32_1.0.200.202301161003/tools/bin/../lib/gcc/arm-none-eabi/10.3.1/../../../../arm-none-eabi/lib/thumb/v7-m/nofp/crt0.o (memset)
c:/st/stm32cubeide_1.11.2/stm32cubeide/plugins/com.st.stm32cube.ide.mcu.externaltools.gnu-tools-for-stm32.10.3-2021.10.win32_1.0.200.202301161003/tools/bin/../lib/gcc/arm-none-eabi/10.3.1/../../../../arm-none-eabi/lib/thumb/v7-m/nofp\libc_nano.a(lib_a-strcmp.o)
                              ./Core/Src/main.o (strcmp)
c:/st/stm32cubeide_1.11.2/stm32cubeide/plugins/com.st.stm32cube.ide.mcu.externaltools.gnu-tools-for-stm32.10.3-2021.10.win32_1.0.200.202301161003/tools/bin/../lib/gcc/arm-none-eabi/10.3.1/../../../../arm-none-eabi/lib/thumb/v7-m/nofp\libc_nano.a(lib_a-strlen.o)
                              ./Core/Src/main.o (strlen)

Discarded input sections

 .text          0x0000000000000000        0x0 c:/st/stm32cubeide_1.11.2/stm32cubeide/plugins/com.st.stm32cube.ide.mcu.externaltools.gnu-tools-for-stm32.10.3-2021.10.win32_1.0.200.202301161003/tools/bin/../lib/gcc/arm-none-eabi/10.3.1/thumb/v7-m/nofp/crti.o
 .data          0x0000000000000000        0x0 c:/st/stm32cubeide_1.11.2/stm32cubeide/plugins/com.st.stm32cube.ide.mcu.externaltools.gnu-tools-for-stm32.10.3-2021.10.win32_1.0.200.202301161003/tools/bin/../lib/gcc/arm-none-eabi/10.3.1/thumb/v7-m/nofp/crti.o
 .bss           0x0000000000000000        0x0 c:/st/stm32cubeide_1.11.2/stm32cubeide/plugins/com.st.stm32cube.ide.mcu.externaltools.gnu-tools-for-stm32.10.3-2021.10.win32_1.0.200.202301161003/tools/bin/../lib/gcc/arm-none-eabi/10.3.1/thumb/v7-m/nofp/crti.o
 .data          0x0000000000000000        0x4 c:/st/stm32cubeide_1.11.2/stm32cubeide/plugins/com.st.stm32cube.ide.mcu.externaltools.gnu-tools-for-stm32.10.3-2021.10.win32_1.0.200.202301161003/tools/bin/../lib/gcc/arm-none-eabi/10.3.1/thumb/v7-m/nofp/crtbegin.o
 .rodata        0x0000000000000000       0x24 c:/st/stm32cubeide_1.11.2/stm32cubeide/plugins/com.st.stm32cube.ide.mcu.externaltools.gnu-tools-for-stm32.10.3-2021.10.win32_1.0.200.202301161003/tools/bin/../lib/gcc/arm-none-eabi/10.3.1/thumb/v7-m/nofp/crtbegin.o
 .text          0x0000000000000000       0x7c c:/st/stm32cubeide_1.11.2/stm32cubeide/plugins/com.st.stm32cube.ide.mcu.externaltools.gnu-tools-for-stm32.10.3-2021.10.win32_1.0.200.202301161003/tools/bin/../lib/gcc/arm-none-eabi/10.3.1/../../../../arm-none-eabi/lib/thumb/v7-m/nofp/crt0.o
[...]
Memory Configuration

Name             Origin             Length             Attributes
RAM              0x0000000020000000 0x0000000000005000 xrw
FLASH            0x0000000008000000 0x0000000000020000 xr
*default*        0x0000000000000000 0xffffffffffffffff

Linker script and memory map

LOAD c:/st/stm32cubeide_1.11.2/stm32cubeide/plugins/com.st.stm32cube.ide.mcu.externaltools.gnu-tools-for-stm32.10.3-2021.10.win32_1.0.200.202301161003/tools/bin/../lib/gcc/arm-none-eabi/10.3.1/thumb/v7-m/nofp/crti.o
LOAD c:/st/stm32cubeide_1.11.2/stm32cubeide/plugins/com.st.stm32cube.ide.mcu.externaltools.gnu-tools-for-stm32.10.3-2021.10.win32_1.0.200.202301161003/tools/bin/../lib/gcc/arm-none-eabi/10.3.1/thumb/v7-m/nofp/crtbegin.o
LOAD c:/st/stm32cubeide_1.11.2/stm32cubeide/plugins/com.st.stm32cube.ide.mcu.externaltools.gnu-tools-for-stm32.10.3-2021.10.win32_1.0.200.202301161003/tools/bin/../lib/gcc/arm-none-eabi/10.3.1/../../../../arm-none-eabi/lib/thumb/v7-m/nofp/crt0.o
LOAD ./Core/Src/fatfs_sd.o
LOAD ./Core/Src/main.o
LOAD ./Core/Src/stm32f1xx_hal_msp.o
LOAD ./Core/Src/stm32f1xx_it.o
LOAD ./Core/Src/syscalls.o
LOAD ./Core/Src/sysmem.o
LOAD ./Core/Src/system_stm32f1xx.o
LOAD ./Core/Startup/startup_stm32f103rbtx.o
LOAD ./Drivers/STM32F1xx_HAL_Driver/Src/stm32f1xx_hal.o
LOAD ./Drivers/STM32F1xx_HAL_Driver/Src/stm32f1xx_hal_cortex.o
LOAD ./Drivers/STM32F1xx_HAL_Driver/Src/stm32f1xx_hal_dma.o
LOAD ./Drivers/STM32F1xx_HAL_Driver/Src/stm32f1xx_hal_exti.o
LOAD ./Drivers/STM32F1xx_HAL_Driver/Src/stm32f1xx_hal_flash.o
LOAD ./Drivers/STM32F1xx_HAL_Driver/Src/stm32f1xx_hal_flash_ex.o
LOAD ./Drivers/STM32F1xx_HAL_Driver/Src/stm32f1xx_hal_gpio.o
LOAD ./Drivers/STM32F1xx_HAL_Driver/Src/stm32f1xx_hal_gpio_ex.o
LOAD ./Drivers/STM32F1xx_HAL_Driver/Src/stm32f1xx_hal_pwr.o
LOAD ./Drivers/STM32F1xx_HAL_Driver/Src/stm32f1xx_hal_rcc.o
LOAD ./Drivers/STM32F1xx_HAL_Driver/Src/stm32f1xx_hal_rcc_ex.o
LOAD ./Drivers/STM32F1xx_HAL_Driver/Src/stm32f1xx_hal_spi.o
LOAD ./Drivers/STM32F1xx_HAL_Driver/Src/stm32f1xx_hal_tim.o
LOAD ./Drivers/STM32F1xx_HAL_Driver/Src/stm32f1xx_hal_tim_ex.o
LOAD ./Drivers/STM32F1xx_HAL_Driver/Src/stm32f1xx_hal_uart.o
LOAD ./FATFS/App/fatfs.o
LOAD ./FATFS/Target/user_diskio.o
LOAD ./Middlewares/Third_Party/FatFs/src/diskio.o
LOAD ./Middlewares/Third_Party/FatFs/src/ff.o
LOAD ./Middlewares/Third_Party/FatFs/src/ff_gen_drv.o
LOAD ./Middlewares/Third_Party/FatFs/src/option/ccsbcs.o
LOAD ./Middlewares/Third_Party/FatFs/src/option/syscall.o
START GROUP
LOAD c:/st/stm32cubeide_1.11.2/stm32cubeide/plugins/com.st.stm32cube.ide.mcu.externaltools.gnu-tools-for-stm32.10.3-2021.10.win32_1.0.200.202301161003/tools/bin/../lib/gcc/arm-none-eabi/10.3.1/../../../../arm-none-eabi/lib/thumb/v7-m/nofp\libc_nano.a
LOAD c:/st/stm32cubeide_1.11.2/stm32cubeide/plugins/com.st.stm32cube.ide.mcu.externaltools.gnu-tools-for-stm32.10.3-2021.10.win32_1.0.200.202301161003/tools/bin/../lib/gcc/arm-none-eabi/10.3.1/../../../../arm-none-eabi/lib/thumb/v7-m/nofp\libm.a
END GROUP
START GROUP
LOAD c:/st/stm32cubeide_1.11.2/stm32cubeide/plugins/com.st.stm32cube.ide.mcu.externaltools.gnu-tools-for-stm32.10.3-2021.10.win32_1.0.200.202301161003/tools/bin/../lib/gcc/arm-none-eabi/10.3.1/thumb/v7-m/nofp\libgcc.a
LOAD c:/st/stm32cubeide_1.11.2/stm32cubeide/plugins/com.st.stm32cube.ide.mcu.externaltools.gnu-tools-for-stm32.10.3-2021.10.win32_1.0.200.202301161003/tools/bin/../lib/gcc/arm-none-eabi/10.3.1/../../../../arm-none-eabi/lib/thumb/v7-m/nofp\libc_nano.a
END GROUP
START GROUP
LOAD c:/st/stm32cubeide_1.11.2/stm32cubeide/plugins/com.st.stm32cube.ide.mcu.externaltools.gnu-tools-for-stm32.10.3-2021.10.win32_1.0.200.202301161003/tools/bin/../lib/gcc/arm-none-eabi/10.3.1/thumb/v7-m/nofp\libgcc.a
LOAD c:/st/stm32cubeide_1.11.2/stm32cubeide/plugins/com.st.stm32cube.ide.mcu.externaltools.gnu-tools-for-stm32.10.3-2021.10.win32_1.0.200.202301161003/tools/bin/../lib/gcc/arm-none-eabi/10.3.1/../../../../arm-none-eabi/lib/thumb/v7-m/nofp\libc_nano.a
LOAD c:/st/stm32cubeide_1.11.2/stm32cubeide/plugins/com.st.stm32cube.ide.mcu.externaltools.gnu-tools-for-stm32.10.3-2021.10.win32_1.0.200.202301161003/tools/bin/../lib/gcc/arm-none-eabi/10.3.1/../../../../arm-none-eabi/lib/thumb/v7-m/nofp\libnosys.a
END GROUP
START GROUP
LOAD c:/st/stm32cubeide_1.11.2/stm32cubeide/plugins/com.st.stm32cube.ide.mcu.externaltools.gnu-tools-for-stm32.10.3-2021.10.win32_1.0.200.202301161003/tools/bin/../lib/gcc/arm-none-eabi/10.3.1/thumb/v7-m/nofp\libgcc.a
LOAD c:/st/stm32cubeide_1.11.2/stm32cubeide/plugins/com.st.stm32cube.ide.mcu.externaltools.gnu-tools-for-stm32.10.3-2021.10.win32_1.0.200.202301161003/tools/bin/../lib/gcc/arm-none-eabi/10.3.1/../../../../arm-none-eabi/lib/thumb/v7-m/nofp\libc_nano.a
LOAD c:/st/stm32cubeide_1.11.2/stm32cubeide/plugins/com.st.stm32cube.ide.mcu.externaltools.gnu-tools-for-stm32.10.3-2021.10.win32_1.0.200.202301161003/tools/bin/../lib/gcc/arm-none-eabi/10.3.1/../../../../arm-none-eabi/lib/thumb/v7-m/nofp\libnosys.a
END GROUP
LOAD c:/st/stm32cubeide_1.11.2/stm32cubeide/plugins/com.st.stm32cube.ide.mcu.externaltools.gnu-tools-for-stm32.10.3-2021.10.win32_1.0.200.202301161003/tools/bin/../lib/gcc/arm-none-eabi/10.3.1/thumb/v7-m/nofp/crtend.o
LOAD c:/st/stm32cubeide_1.11.2/stm32cubeide/plugins/com.st.stm32cube.ide.mcu.externaltools.gnu-tools-for-stm32.10.3-2021.10.win32_1.0.200.202301161003/tools/bin/../lib/gcc/arm-none-eabi/10.3.1/thumb/v7-m/nofp/crtn.o
                0x0000000020005000                _estack = (ORIGIN (RAM) + LENGTH (RAM))
                0x0000000000000200                _Min_Heap_Size = 0x200
                0x0000000000000400                _Min_Stack_Size = 0x400

.isr_vector     0x0000000008000000      0x10c
                0x0000000008000000                . = ALIGN (0x4)
 *(.isr_vector)
 .isr_vector    0x0000000008000000      0x10c ./Core/Startup/startup_stm32f103rbtx.o
                0x0000000008000000                g_pfnVectors
                0x000000000800010c                . = ALIGN (0x4)

.text           0x000000000800010c     0x30e4
                0x000000000800010c                . = ALIGN (0x4)
 *(.text)
 .text          0x000000000800010c       0x40 c:/st/stm32cubeide_1.11.2/stm32cubeide/plugins/com.st.stm32cube.ide.mcu.externaltools.gnu-tools-for-stm32.10.3-2021.10.win32_1.0.200.202301161003/tools/bin/../lib/gcc/arm-none-eabi/10.3.1/thumb/v7-m/nofp/crtbegin.o
 .text          0x000000000800014c       0x14 c:/st/stm32cubeide_1.11.2/stm32cubeide/plugins/com.st.stm32cube.ide.mcu.externaltools.gnu-tools-for-stm32.10.3-2021.10.win32_1.0.200.202301161003/tools/bin/../lib/gcc/arm-none-eabi/10.3.1/../../../../arm-none-eabi/lib/thumb/v7-m/nofp\libc_nano.a(lib_a-strcmp.o)
                0x000000000800014c                strcmp
 .text          0x0000000008000160       0x10 c:/st/stm32cubeide_1.11.2/stm32cubeide/plugins/com.st.stm32cube.ide.mcu.externaltools.gnu-tools-for-stm32.10.3-2021.10.win32_1.0.200.202301161003/tools/bin/../lib/gcc/arm-none-eabi/10.3.1/../../../../arm-none-eabi/lib/thumb/v7-m/nofp\libc_nano.a(lib_a-strlen.o)
                0x0000000008000160                strlen
 *(.text*)
 .text.SPI_TxBuffer
                0x0000000008000170       0x1c ./Core/Src/fatfs_sd.o
 .text.SPI_TxByte
                0x000000000800018c       0x28 ./Core/Src/fatfs_sd.o
 .text.SELECT   0x00000000080001b4       0x1c ./Core/Src/fatfs_sd.o
 .text.DESELECT
                0x00000000080001d0       0x1c ./Core/Src/fatfs_sd.o
 .text.SPI_RxByte
                0x00000000080001ec       0x34 ./Core/Src/fatfs_sd.o
 .text.SD_PowerOn
                0x0000000008000220       0x64 ./Core/Src/fatfs_sd.o
 .text.SD_ReadyWait
                0x0000000008000284       0x20 ./Core/Src/fatfs_sd.o
 .text.SD_TxDataBlock
                0x00000000080002a4       0x5e ./Core/Src/fatfs_sd.o
 .text.SD_SendCmd
                0x0000000008000302       0x64 ./Core/Src/fatfs_sd.o
 *fill*         0x0000000008000366        0x2 
 .text.SD_RxDataBlock
                0x0000000008000368       0x44 ./Core/Src/fatfs_sd.o
 .text.SD_disk_initialize
                0x00000000080003ac      0x154 ./Core/Src/fatfs_sd.o
                0x00000000080003ac                SD_disk_initialize
 .text.SD_disk_status
                0x0000000008000500       0x14 ./Core/Src/fatfs_sd.o
                0x0000000008000500                SD_disk_status
 .text.SD_disk_read
                0x0000000008000514       0x8c ./Core/Src/fatfs_sd.o
                0x0000000008000514                SD_disk_read
 .text.SD_disk_write
                0x00000000080005a0       0xb0 ./Core/Src/fatfs_sd.o
                0x00000000080005a0                SD_disk_write
 .text.SD_disk_ioctl
                0x0000000008000650      0x144 ./Core/Src/fatfs_sd.o
                0x0000000008000650                SD_disk_ioctl
 .text.SystemClock_Config
                0x0000000008000794       0x50 ./Core/Src/main.o
                0x0000000008000794                SystemClock_Config
 .text.indicate
                0x00000000080007e4       0xa0 ./Core/Src/main.o
                0x00000000080007e4                indicate
 .text.startup.main
                0x0000000008000884      0x180 ./Core/Src/main.o
                0x0000000008000884                main
 .text.HAL_MspInit
                0x0000000008000a04       0x44 ./Core/Src/stm32f1xx_hal_msp.o
                0x0000000008000a04                HAL_MspInit
 .text.HAL_SPI_MspInit
                0x0000000008000a48       0x78 ./Core/Src/stm32f1xx_hal_msp.o
                0x0000000008000a48                HAL_SPI_MspInit
 .text.HAL_UART_MspInit
                0x0000000008000ac0       0x78 ./Core/Src/stm32f1xx_hal_msp.o
                0x0000000008000ac0                HAL_UART_MspInit
 .text.NMI_Handler
                0x0000000008000b38        0x2 ./Core/Src/stm32f1xx_it.o
                0x0000000008000b38                NMI_Handler
 .text.HardFault_Handler
                0x0000000008000b3a        0x2 ./Core/Src/stm32f1xx_it.o
                0x0000000008000b3a                HardFault_Handler
 .text.MemManage_Handler
                0x0000000008000b3c        0x2 ./Core/Src/stm32f1xx_it.o
                0x0000000008000b3c                MemManage_Handler
 .text.BusFault_Handler
                0x0000000008000b3e        0x2 ./Core/Src/stm32f1xx_it.o
                0x0000000008000b3e                BusFault_Handler
 .text.UsageFault_Handler
                0x0000000008000b40        0x2 ./Core/Src/stm32f1xx_it.o
                0x0000000008000b40                UsageFault_Handler
 .text.SVC_Handler
                0x0000000008000b42        0x2 ./Core/Src/stm32f1xx_it.o
                0x0000000008000b42                SVC_Handler
 .text.DebugMon_Handler
                0x0000000008000b44        0x2 ./Core/Src/stm32f1xx_it.o
                0x0000000008000b44                DebugMon_Handler
 .text.PendSV_Handler
                0x0000000008000b46        0x2 ./Core/Src/stm32f1xx_it.o
                0x0000000008000b46                PendSV_Handler
 .text.SysTick_Handler
                0x0000000008000b48       0x20 ./Core/Src/stm32f1xx_it.o
                0x0000000008000b48                SysTick_Handler
 .text.SystemInit
                0x0000000008000b68        0x2 ./Core/Src/system_stm32f1xx.o
                0x0000000008000b68                SystemInit
 *fill*         0x0000000008000b6a        0x2 
 .text.Reset_Handler
                0x0000000008000b6c       0x48 ./Core/Startup/startup_stm32f103rbtx.o
                0x0000000008000b6c                Reset_Handler
 .text.Default_Handler
                0x0000000008000bb4        0x2 ./Core/Startup/startup_stm32f103rbtx.o
                0x0000000008000bb4                RTC_Alarm_IRQHandler
                0x0000000008000bb4                EXTI2_IRQHandler
                0x0000000008000bb4                TIM1_CC_IRQHandler
                0x0000000008000bb4                PVD_IRQHandler
                0x0000000008000bb4                EXTI3_IRQHandler
                0x0000000008000bb4                EXTI0_IRQHandler
                0x0000000008000bb4                I2C2_EV_IRQHandler
                0x0000000008000bb4                ADC1_2_IRQHandler
                0x0000000008000bb4                SPI1_IRQHandler
                0x0000000008000bb4                TAMPER_IRQHandler
                0x0000000008000bb4                DMA1_Channel4_IRQHandler
                0x0000000008000bb4                USART3_IRQHandler
                0x0000000008000bb4                RTC_IRQHandler
                0x0000000008000bb4                DMA1_Channel7_IRQHandler
                0x0000000008000bb4                CAN1_RX1_IRQHandler
                0x0000000008000bb4                TIM4_IRQHandler
                0x0000000008000bb4                I2C1_EV_IRQHandler
                0x0000000008000bb4                DMA1_Channel6_IRQHandler
                0x0000000008000bb4                TIM3_IRQHandler
                0x0000000008000bb4                RCC_IRQHandler
                0x0000000008000bb4                TIM1_TRG_COM_IRQHandler
                0x0000000008000bb4                DMA1_Channel1_IRQHandler
                0x0000000008000bb4                Default_Handler
                0x0000000008000bb4                EXTI15_10_IRQHandler
                0x0000000008000bb4                EXTI9_5_IRQHandler
                0x0000000008000bb4                SPI2_IRQHandler
                0x0000000008000bb4                DMA1_Channel5_IRQHandler
                0x0000000008000bb4                EXTI4_IRQHandler
                0x0000000008000bb4                USB_LP_CAN1_RX0_IRQHandler
                0x0000000008000bb4                USB_HP_CAN1_TX_IRQHandler
                0x0000000008000bb4                DMA1_Channel3_IRQHandler
                0x0000000008000bb4                TIM1_UP_IRQHandler
                0x0000000008000bb4                WWDG_IRQHandler
                0x0000000008000bb4                TIM2_IRQHandler
                0x0000000008000bb4                TIM1_BRK_IRQHandler
                0x0000000008000bb4                EXTI1_IRQHandler
                0x0000000008000bb4                USART2_IRQHandler
                0x0000000008000bb4                I2C2_ER_IRQHandler
                0x0000000008000bb4                DMA1_Channel2_IRQHandler
                0x0000000008000bb4                CAN1_SCE_IRQHandler
                0x0000000008000bb4                FLASH_IRQHandler
                0x0000000008000bb4                USART1_IRQHandler
                0x0000000008000bb4                I2C1_ER_IRQHandler
                0x0000000008000bb4                USBWakeUp_IRQHandler
 *fill*         0x0000000008000bb6        0x2 
 .text.HAL_InitTick
                0x0000000008000bb8       0x48 ./Drivers/STM32F1xx_HAL_Driver/Src/stm32f1xx_hal.o
                0x0000000008000bb8                HAL_InitTick
 .text.HAL_Init
                0x0000000008000c00       0x24 ./Drivers/STM32F1xx_HAL_Driver/Src/stm32f1xx_hal.o
                0x0000000008000c00                HAL_Init
 .text.HAL_IncTick
                0x0000000008000c24       0x18 ./Drivers/STM32F1xx_HAL_Driver/Src/stm32f1xx_hal.o
                0x0000000008000c24                HAL_IncTick
 .text.HAL_GetTick
                0x0000000008000c3c        0xc ./Drivers/STM32F1xx_HAL_Driver/Src/stm32f1xx_hal.o
                0x0000000008000c3c                HAL_GetTick
 .text.HAL_Delay
                0x0000000008000c48       0x24 ./Drivers/STM32F1xx_HAL_Driver/Src/stm32f1xx_hal.o
                0x0000000008000c48                HAL_Delay
 .text.HAL_NVIC_SetPriorityGrouping
                0x0000000008000c6c       0x24 ./Drivers/STM32F1xx_HAL_Driver/Src/stm32f1xx_hal_cortex.o
                0x0000000008000c6c                HAL_NVIC_SetPriorityGrouping
 .text.HAL_NVIC_SetPriority
                0x0000000008000c90       0x64 ./Drivers/STM32F1xx_HAL_Driver/Src/stm32f1xx_hal_cortex.o
                0x0000000008000c90                HAL_NVIC_SetPriority
 .text.HAL_SYSTICK_Config
                0x0000000008000cf4       0x28 ./Drivers/STM32F1xx_HAL_Driver/Src/stm32f1xx_hal_cortex.o
                0x0000000008000cf4                HAL_SYSTICK_Config
 .text.HAL_GPIO_Init
                0x0000000008000d1c      0x1b4 ./Drivers/STM32F1xx_HAL_Driver/Src/stm32f1xx_hal_gpio.o
                0x0000000008000d1c                HAL_GPIO_Init
 .text.HAL_GPIO_WritePin
                0x0000000008000ed0        0xa ./Drivers/STM32F1xx_HAL_Driver/Src/stm32f1xx_hal_gpio.o
                0x0000000008000ed0                HAL_GPIO_WritePin
 *fill*         0x0000000008000eda        0x2 
 .text.HAL_RCC_OscConfig
                0x0000000008000edc      0x338 ./Drivers/STM32F1xx_HAL_Driver/Src/stm32f1xx_hal_rcc.o
                0x0000000008000edc                HAL_RCC_OscConfig
 .text.HAL_RCC_GetSysClockFreq
                0x0000000008001214       0x74 ./Drivers/STM32F1xx_HAL_Driver/Src/stm32f1xx_hal_rcc.o
                0x0000000008001214                HAL_RCC_GetSysClockFreq
 .text.HAL_RCC_ClockConfig
                0x0000000008001288      0x138 ./Drivers/STM32F1xx_HAL_Driver/Src/stm32f1xx_hal_rcc.o
                0x0000000008001288                HAL_RCC_ClockConfig
 .text.HAL_RCC_GetPCLK1Freq
                0x00000000080013c0       0x20 ./Drivers/STM32F1xx_HAL_Driver/Src/stm32f1xx_hal_rcc.o
                0x00000000080013c0                HAL_RCC_GetPCLK1Freq
 .text.HAL_RCC_GetPCLK2Freq
                0x00000000080013e0       0x20 ./Drivers/STM32F1xx_HAL_Driver/Src/stm32f1xx_hal_rcc.o
                0x00000000080013e0                HAL_RCC_GetPCLK2Freq
 .text.SPI_WaitFlagStateUntilTimeout.constprop.0
                0x0000000008001400       0xac ./Drivers/STM32F1xx_HAL_Driver/Src/stm32f1xx_hal_spi.o
 .text.SPI_EndRxTxTransaction
                0x00000000080014ac       0x1c ./Drivers/STM32F1xx_HAL_Driver/Src/stm32f1xx_hal_spi.o
 .text.HAL_SPI_Init
                0x00000000080014c8       0xb0 ./Drivers/STM32F1xx_HAL_Driver/Src/stm32f1xx_hal_spi.o
                0x00000000080014c8                HAL_SPI_Init
 .text.HAL_SPI_Transmit
                0x0000000008001578      0x15a ./Drivers/STM32F1xx_HAL_Driver/Src/stm32f1xx_hal_spi.o
                0x0000000008001578                HAL_SPI_Transmit
 .text.HAL_SPI_TransmitReceive
                0x00000000080016d2      0x1e8 ./Drivers/STM32F1xx_HAL_Driver/Src/stm32f1xx_hal_spi.o
                0x00000000080016d2                HAL_SPI_TransmitReceive
 *fill*         0x00000000080018ba        0x2 
 .text.UART_SetConfig
                0x00000000080018bc       0x74 ./Drivers/STM32F1xx_HAL_Driver/Src/stm32f1xx_hal_uart.o
 .text.UART_WaitOnFlagUntilTimeout.constprop.0
                0x0000000008001930       0x50 ./Drivers/STM32F1xx_HAL_Driver/Src/stm32f1xx_hal_uart.o
 .text.HAL_UART_Init
                0x0000000008001980       0x5c ./Drivers/STM32F1xx_HAL_Driver/Src/stm32f1xx_hal_uart.o
                0x0000000008001980                HAL_UART_Init
 .text.HAL_UART_Transmit
                0x00000000080019dc       0xaa ./Drivers/STM32F1xx_HAL_Driver/Src/stm32f1xx_hal_uart.o
                0x00000000080019dc                HAL_UART_Transmit
 *fill*         0x0000000008001a86        0x2 
 .text.MX_FATFS_Init
                0x0000000008001a88       0x1c ./FATFS/App/fatfs.o
                0x0000000008001a88                MX_FATFS_Init
 .text.get_fattime
                0x0000000008001aa4        0x4 ./FATFS/App/fatfs.o
                0x0000000008001aa4                get_fattime
 .text.USER_initialize
                0x0000000008001aa8        0xa ./FATFS/Target/user_diskio.o
                0x0000000008001aa8                USER_initialize
 .text.USER_status
                0x0000000008001ab2        0xa ./FATFS/Target/user_diskio.o
                0x0000000008001ab2                USER_status
 .text.USER_read
                0x0000000008001abc        0xa ./FATFS/Target/user_diskio.o
                0x0000000008001abc                USER_read
 .text.USER_write
                0x0000000008001ac6        0xa ./FATFS/Target/user_diskio.o
                0x0000000008001ac6                USER_write
 .text.USER_ioctl
                0x0000000008001ad0        0xa ./FATFS/Target/user_diskio.o
                0x0000000008001ad0                USER_ioctl
 *fill*         0x0000000008001ada        0x2 
 .text.disk_status
                0x0000000008001adc       0x14 ./Middlewares/Third_Party/FatFs/src/diskio.o
                0x0000000008001adc                disk_status
 .text.disk_initialize
                0x0000000008001af0       0x20 ./Middlewares/Third_Party/FatFs/src/diskio.o
                0x0000000008001af0                disk_initialize
 .text.disk_read
                0x0000000008001b10       0x1c ./Middlewares/Third_Party/FatFs/src/diskio.o
                0x0000000008001b10                disk_read
 .text.disk_write
                0x0000000008001b2c       0x1c ./Middlewares/Third_Party/FatFs/src/diskio.o
                0x0000000008001b2c                disk_write
 .text.disk_ioctl
                0x0000000008001b48       0x18 ./Middlewares/Third_Party/FatFs/src/diskio.o
                0x0000000008001b48                disk_ioctl
 .text.mem_cpy  0x0000000008001b60       0x14 ./Middlewares/Third_Party/FatFs/src/ff.o
 .text.mem_set  0x0000000008001b74        0xe ./Middlewares/Third_Party/FatFs/src/ff.o
 *fill*         0x0000000008001b82        0x2 
 .text.chk_lock
                0x0000000008001b84       0x80 ./Middlewares/Third_Party/FatFs/src/ff.o
 .text.inc_lock
                0x0000000008001c04       0x8c ./Middlewares/Third_Party/FatFs/src/ff.o
 .text.dec_lock
                0x0000000008001c90       0x40 ./Middlewares/Third_Party/FatFs/src/ff.o
 .text.clear_lock
                0x0000000008001cd0       0x1c ./Middlewares/Third_Party/FatFs/src/ff.o
 .text.clmt_clust
                0x0000000008001cec       0x2e ./Middlewares/Third_Party/FatFs/src/ff.o
 .text.sum_sfn  0x0000000008001d1a       0x1e ./Middlewares/Third_Party/FatFs/src/ff.o
 .text.get_ldnumber
                0x0000000008001d38       0x30 ./Middlewares/Third_Party/FatFs/src/ff.o
 .text.validate
                0x0000000008001d68       0x2c ./Middlewares/Third_Party/FatFs/src/ff.o
 .text.sync_window.part.0
                0x0000000008001d94       0x52 ./Middlewares/Third_Party/FatFs/src/ff.o
 .text.sync_window
                0x0000000008001de6       0x10 ./Middlewares/Third_Party/FatFs/src/ff.o
 .text.move_window
                0x0000000008001df6       0x34 ./Middlewares/Third_Party/FatFs/src/ff.o
 *fill*         0x0000000008001e2a        0x2 
 .text.check_fs
                0x0000000008001e2c       0x50 ./Middlewares/Third_Party/FatFs/src/ff.o
 .text.find_volume
                0x0000000008001e7c      0x25c ./Middlewares/Third_Party/FatFs/src/ff.o
 .text.sync_fs  0x00000000080020d8       0x74 ./Middlewares/Third_Party/FatFs/src/ff.o
 .text.ld_clust.isra.0
                0x000000000800214c       0x10 ./Middlewares/Third_Party/FatFs/src/ff.o
 .text.clust2sect
                0x000000000800215c       0x1a ./Middlewares/Third_Party/FatFs/src/ff.o
                0x000000000800215c                clust2sect
 .text.get_fat  0x0000000008002176       0xec ./Middlewares/Third_Party/FatFs/src/ff.o
                0x0000000008002176                get_fat
 .text.dir_sdi  0x0000000008002262       0x94 ./Middlewares/Third_Party/FatFs/src/ff.o
 .text.put_fat  0x00000000080022f6      0x118 ./Middlewares/Third_Party/FatFs/src/ff.o
                0x00000000080022f6                put_fat
 .text.create_chain
                0x000000000800240e       0xb4 ./Middlewares/Third_Party/FatFs/src/ff.o
 .text.dir_next
                0x00000000080024c2      0x10e ./Middlewares/Third_Party/FatFs/src/ff.o
 .text.dir_find
                0x00000000080025d0      0x134 ./Middlewares/Third_Party/FatFs/src/ff.o
 .text.follow_path
                0x0000000008002704      0x250 ./Middlewares/Third_Party/FatFs/src/ff.o
 .text.dir_register
                0x0000000008002954      0x264 ./Middlewares/Third_Party/FatFs/src/ff.o
 .text.remove_chain
                0x0000000008002bb8       0x5e ./Middlewares/Third_Party/FatFs/src/ff.o
 *fill*         0x0000000008002c16        0x2 
 .text.f_mount  0x0000000008002c18       0x5c ./Middlewares/Third_Party/FatFs/src/ff.o
                0x0000000008002c18                f_mount
 .text.f_open   0x0000000008002c74      0x1c4 ./Middlewares/Third_Party/FatFs/src/ff.o
                0x0000000008002c74                f_open
 .text.f_read   0x0000000008002e38      0x184 ./Middlewares/Third_Party/FatFs/src/ff.o
                0x0000000008002e38                f_read
 .text.f_sync   0x0000000008002fbc       0xaa ./Middlewares/Third_Party/FatFs/src/ff.o
                0x0000000008002fbc                f_sync
 .text.f_close  0x0000000008003066       0x22 ./Middlewares/Third_Party/FatFs/src/ff.o
                0x0000000008003066                f_close
 .text.f_gets   0x0000000008003088       0x4a ./Middlewares/Third_Party/FatFs/src/ff.o
                0x0000000008003088                f_gets
 *fill*         0x00000000080030d2        0x2 
 .text.FATFS_LinkDriverEx
                0x00000000080030d4       0x44 ./Middlewares/Third_Party/FatFs/src/ff_gen_drv.o
                0x00000000080030d4                FATFS_LinkDriverEx
 .text.FATFS_LinkDriver
                0x0000000008003118        0x6 ./Middlewares/Third_Party/FatFs/src/ff_gen_drv.o
                0x0000000008003118                FATFS_LinkDriver
 *fill*         0x000000000800311e        0x2 
 .text.ff_convert
                0x0000000008003120       0x3c ./Middlewares/Third_Party/FatFs/src/option/ccsbcs.o
                0x0000000008003120                ff_convert
 .text.ff_wtoupper
                0x000000000800315c       0x24 ./Middlewares/Third_Party/FatFs/src/option/ccsbcs.o
                0x000000000800315c                ff_wtoupper
 .text.__libc_init_array
                0x0000000008003180       0x48 c:/st/stm32cubeide_1.11.2/stm32cubeide/plugins/com.st.stm32cube.ide.mcu.externaltools.gnu-tools-for-stm32.10.3-2021.10.win32_1.0.200.202301161003/tools/bin/../lib/gcc/arm-none-eabi/10.3.1/../../../../arm-none-eabi/lib/thumb/v7-m/nofp\libc_nano.a(lib_a-init.o)
                0x0000000008003180                __libc_init_array
 .text.memset   0x00000000080031c8       0x10 c:/st/stm32cubeide_1.11.2/stm32cubeide/plugins/com.st.stm32cube.ide.mcu.externaltools.gnu-tools-for-stm32.10.3-2021.10.win32_1.0.200.202301161003/tools/bin/../lib/gcc/arm-none-eabi/10.3.1/../../../../arm-none-eabi/lib/thumb/v7-m/nofp\libc_nano.a(lib_a-memset.o)
                0x00000000080031c8                memset
 *(.glue_7)
 .glue_7        0x00000000080031d8        0x0 linker stubs
 *(.glue_7t)
 .glue_7t       0x00000000080031d8        0x0 linker stubs
 *(.eh_frame)
 .eh_frame      0x00000000080031d8        0x0 c:/st/stm32cubeide_1.11.2/stm32cubeide/plugins/com.st.stm32cube.ide.mcu.externaltools.gnu-tools-for-stm32.10.3-2021.10.win32_1.0.200.202301161003/tools/bin/../lib/gcc/arm-none-eabi/10.3.1/thumb/v7-m/nofp/crtbegin.o
 *(.init)
 .init          0x00000000080031d8        0x4 c:/st/stm32cubeide_1.11.2/stm32cubeide/plugins/com.st.stm32cube.ide.mcu.externaltools.gnu-tools-for-stm32.10.3-2021.10.win32_1.0.200.202301161003/tools/bin/../lib/gcc/arm-none-eabi/10.3.1/thumb/v7-m/nofp/crti.o
                0x00000000080031d8                _init
 .init          0x00000000080031dc        0x8 c:/st/stm32cubeide_1.11.2/stm32cubeide/plugins/com.st.stm32cube.ide.mcu.externaltools.gnu-tools-for-stm32.10.3-2021.10.win32_1.0.200.202301161003/tools/bin/../lib/gcc/arm-none-eabi/10.3.1/thumb/v7-m/nofp/crtn.o
 *(.fini)
 .fini          0x00000000080031e4        0x4 c:/st/stm32cubeide_1.11.2/stm32cubeide/plugins/com.st.stm32cube.ide.mcu.externaltools.gnu-tools-for-stm32.10.3-2021.10.win32_1.0.200.202301161003/tools/bin/../lib/gcc/arm-none-eabi/10.3.1/thumb/v7-m/nofp/crti.o
                0x00000000080031e4                _fini
 .fini          0x00000000080031e8        0x8 c:/st/stm32cubeide_1.11.2/stm32cubeide/plugins/com.st.stm32cube.ide.mcu.externaltools.gnu-tools-for-stm32.10.3-2021.10.win32_1.0.200.202301161003/tools/bin/../lib/gcc/arm-none-eabi/10.3.1/thumb/v7-m/nofp/crtn.o
                0x00000000080031f0                . = ALIGN (0x4)
                0x00000000080031f0                _etext = .

.vfp11_veneer   0x00000000080031f0        0x0
 .vfp11_veneer  0x00000000080031f0        0x0 linker stubs

.v4_bx          0x00000000080031f0        0x0
 .v4_bx         0x00000000080031f0        0x0 linker stubs

.iplt           0x00000000080031f0        0x0
 .iplt          0x00000000080031f0        0x0 c:/st/stm32cubeide_1.11.2/stm32cubeide/plugins/com.st.stm32cube.ide.mcu.externaltools.gnu-tools-for-stm32.10.3-2021.10.win32_1.0.200.202301161003/tools/bin/../lib/gcc/arm-none-eabi/10.3.1/thumb/v7-m/nofp/crtbegin.o

.rodata         0x00000000080031f0      0x674
                0x00000000080031f0                . = ALIGN (0x4)
 *(.rodata)
 *(.rodata*)
 .rodata.main.str1.1
                0x00000000080031f0        0xd ./Core/Src/main.o
                                          0xe (size before relaxing)
 .rodata.str1.1
                0x00000000080031fd       0xdf ./Core/Src/main.o
 .rodata.AHBPrescTable
                0x00000000080032dc       0x10 ./Core/Src/system_stm32f1xx.o
                0x00000000080032dc                AHBPrescTable
 .rodata.APBPrescTable
                0x00000000080032ec        0x8 ./Core/Src/system_stm32f1xx.o
                0x00000000080032ec                APBPrescTable
 .rodata.HAL_RCC_GetSysClockFreq.str1.1
                0x00000000080032f4       0x11 ./Drivers/STM32F1xx_HAL_Driver/Src/stm32f1xx_hal_rcc.o
 .rodata.follow_path.str1.1
                0x0000000008003305       0x10 ./Middlewares/Third_Party/FatFs/src/ff.o
 .rodata.ExCvt  0x0000000008003315       0x80 ./Middlewares/Third_Party/FatFs/src/ff.o
 .rodata.LfnOfs
                0x0000000008003395        0xd ./Middlewares/Third_Party/FatFs/src/ff.o
 .rodata.Tbl    0x00000000080033a2      0x100 ./Middlewares/Third_Party/FatFs/src/option/ccsbcs.o
 .rodata.tbl_lower.1
                0x00000000080034a2      0x1e0 ./Middlewares/Third_Party/FatFs/src/option/ccsbcs.o
 .rodata.tbl_upper.0
                0x0000000008003682      0x1e0 ./Middlewares/Third_Party/FatFs/src/option/ccsbcs.o
                0x0000000008003864                . = ALIGN (0x4)
 *fill*         0x0000000008003862        0x2 

.rel.dyn        0x0000000008003864        0x0
 .rel.iplt      0x0000000008003864        0x0 c:/st/stm32cubeide_1.11.2/stm32cubeide/plugins/com.st.stm32cube.ide.mcu.externaltools.gnu-tools-for-stm32.10.3-2021.10.win32_1.0.200.202301161003/tools/bin/../lib/gcc/arm-none-eabi/10.3.1/thumb/v7-m/nofp/crtbegin.o

.ARM.extab      0x0000000008003864        0x0
                0x0000000008003864                . = ALIGN (0x4)
 *(.ARM.extab* .gnu.linkonce.armextab.*)
                0x0000000008003864                . = ALIGN (0x4)

.ARM            0x0000000008003864        0x0
                0x0000000008003864                . = ALIGN (0x4)
                0x0000000008003864                __exidx_start = .
 *(.ARM.exidx*)
                0x0000000008003864                __exidx_end = .
                0x0000000008003864                . = ALIGN (0x4)

.preinit_array  0x0000000008003864        0x0
                0x0000000008003864                . = ALIGN (0x4)
                0x0000000008003864                PROVIDE (__preinit_array_start = .)
 *(.preinit_array*)
                0x0000000008003864                PROVIDE (__preinit_array_end = .)
                0x0000000008003864                . = ALIGN (0x4)

.init_array     0x0000000008003864        0x4
                0x0000000008003864                . = ALIGN (0x4)
                0x0000000008003864                PROVIDE (__init_array_start = .)
 *(SORT_BY_NAME(.init_array.*))
 *(.init_array*)
 .init_array    0x0000000008003864        0x4 c:/st/stm32cubeide_1.11.2/stm32cubeide/plugins/com.st.stm32cube.ide.mcu.externaltools.gnu-tools-for-stm32.10.3-2021.10.win32_1.0.200.202301161003/tools/bin/../lib/gcc/arm-none-eabi/10.3.1/thumb/v7-m/nofp/crtbegin.o
                0x0000000008003868                PROVIDE (__init_array_end = .)
                0x0000000008003868                . = ALIGN (0x4)

.fini_array     0x0000000008003868        0x4
                0x0000000008003868                . = ALIGN (0x4)
                [!provide]                        PROVIDE (__fini_array_start = .)
 *(SORT_BY_NAME(.fini_array.*))
 *(.fini_array*)
 .fini_array    0x0000000008003868        0x4 c:/st/stm32cubeide_1.11.2/stm32cubeide/plugins/com.st.stm32cube.ide.mcu.externaltools.gnu-tools-for-stm32.10.3-2021.10.win32_1.0.200.202301161003/tools/bin/../lib/gcc/arm-none-eabi/10.3.1/thumb/v7-m/nofp/crtbegin.o
                [!provide]                        PROVIDE (__fini_array_end = .)
                0x000000000800386c                . = ALIGN (0x4)
                0x000000000800386c                _sidata = LOADADDR (.data)

.data           0x0000000020000000       0x5c load address 0x000000000800386c
                0x0000000020000000                . = ALIGN (0x4)
                0x0000000020000000                _sdata = .
 *(.data)
 *(.data*)
 .data.Stat     0x0000000020000000        0x1 ./Core/Src/fatfs_sd.o
 *fill*         0x0000000020000001        0x3 
 .data.messages
                0x0000000020000004       0x1c ./Core/Src/main.o
                0x0000000020000004                messages
 .data.password
                0x0000000020000020       0x1a ./Core/Src/main.o
                0x0000000020000020                password
 *fill*         0x000000002000003a        0x2 
 .data.SystemCoreClock
                0x000000002000003c        0x4 ./Core/Src/system_stm32f1xx.o
                0x000000002000003c                SystemCoreClock
 .data.uwTickFreq
                0x0000000020000040        0x1 ./Drivers/STM32F1xx_HAL_Driver/Src/stm32f1xx_hal.o
                0x0000000020000040                uwTickFreq
 *fill*         0x0000000020000041        0x3 
 .data.uwTickPrio
                0x0000000020000044        0x4 ./Drivers/STM32F1xx_HAL_Driver/Src/stm32f1xx_hal.o
                0x0000000020000044                uwTickPrio
 .data.USER_Driver
                0x0000000020000048       0x14 ./FATFS/Target/user_diskio.o
                0x0000000020000048                USER_Driver
 *(.RamFunc)
 *(.RamFunc*)
                0x000000002000005c                . = ALIGN (0x4)
                0x000000002000005c                _edata = .

.igot.plt       0x000000002000005c        0x0 load address 0x00000000080038c8
 .igot.plt      0x000000002000005c        0x0 c:/st/stm32cubeide_1.11.2/stm32cubeide/plugins/com.st.stm32cube.ide.mcu.externaltools.gnu-tools-for-stm32.10.3-2021.10.win32_1.0.200.202301161003/tools/bin/../lib/gcc/arm-none-eabi/10.3.1/thumb/v7-m/nofp/crtbegin.o
                0x000000002000005c                . = ALIGN (0x4)

.bss            0x000000002000005c     0x2354 load address 0x00000000080038c8
                0x000000002000005c                _sbss = .
                0x000000002000005c                __bss_start__ = _sbss
 *(.bss)
 .bss           0x000000002000005c       0x1c c:/st/stm32cubeide_1.11.2/stm32cubeide/plugins/com.st.stm32cube.ide.mcu.externaltools.gnu-tools-for-stm32.10.3-2021.10.win32_1.0.200.202301161003/tools/bin/../lib/gcc/arm-none-eabi/10.3.1/thumb/v7-m/nofp/crtbegin.o
 *(.bss*)
 .bss.CardType  0x0000000020000078        0x1 ./Core/Src/fatfs_sd.o
 .bss.PowerFlag
                0x0000000020000079        0x1 ./Core/Src/fatfs_sd.o
 .bss.Timer1    0x000000002000007a        0x2 ./Core/Src/fatfs_sd.o
                0x000000002000007a                Timer1
 .bss.Timer2    0x000000002000007c        0x2 ./Core/Src/fatfs_sd.o
                0x000000002000007c                Timer2
 *fill*         0x000000002000007e        0x2 
 .bss.file      0x0000000020000080     0x102c ./Core/Src/main.o
                0x0000000020000080                file
 .bss.fs        0x00000000200010ac     0x1030 ./Core/Src/main.o
                0x00000000200010ac                fs
 .bss.hspi2     0x00000000200020dc       0x58 ./Core/Src/main.o
                0x00000000200020dc                hspi2
 .bss.huart3    0x0000000020002134       0x44 ./Core/Src/main.o
                0x0000000020002134                huart3
 .bss.uwTick    0x0000000020002178        0x4 ./Drivers/STM32F1xx_HAL_Driver/Src/stm32f1xx_hal.o
                0x0000000020002178                uwTick
 .bss.USERPath  0x000000002000217c        0x4 ./FATFS/App/fatfs.o
                0x000000002000217c                USERPath
 .bss.retUSER   0x0000000020002180        0x1 ./FATFS/App/fatfs.o
                0x0000000020002180                retUSER
 *fill*         0x0000000020002181        0x3 
 .bss.FatFs     0x0000000020002184        0x4 ./Middlewares/Third_Party/FatFs/src/ff.o
 .bss.Files     0x0000000020002188       0x18 ./Middlewares/Third_Party/FatFs/src/ff.o
 .bss.Fsid      0x00000000200021a0        0x2 ./Middlewares/Third_Party/FatFs/src/ff.o
 .bss.LfnBuf    0x00000000200021a2      0x200 ./Middlewares/Third_Party/FatFs/src/ff.o
 *fill*         0x00000000200023a2        0x2 
 .bss.disk      0x00000000200023a4        0xc ./Middlewares/Third_Party/FatFs/src/ff_gen_drv.o
                0x00000000200023a4                disk
 *(COMMON)
                0x00000000200023b0                . = ALIGN (0x4)
                0x00000000200023b0                _ebss = .
                0x00000000200023b0                __bss_end__ = _ebss

._user_heap_stack
                0x00000000200023b0      0x600 load address 0x00000000080038c8
                0x00000000200023b0                . = ALIGN (0x8)
                [!provide]                        PROVIDE (end = .)
                0x00000000200023b0                PROVIDE (_end = .)
                0x00000000200025b0                . = (. + _Min_Heap_Size)
 *fill*         0x00000000200023b0      0x200 
                0x00000000200029b0                . = (. + _Min_Stack_Size)
 *fill*         0x00000000200025b0      0x400 
                0x00000000200029b0                . = ALIGN (0x8)

/DISCARD/
 libc.a(*)
 libm.a(*)
 libgcc.a(*)

.ARM.attributes
                0x0000000000000000       0x29
 *(.ARM.attributes)
 .ARM.attributes
                0x0000000000000000       0x1d c:/st/stm32cubeide_1.11.2/stm32cubeide/plugins/com.st.stm32cube.ide.mcu.externaltools.gnu-tools-for-stm32.10.3-2021.10.win32_1.0.200.202301161003/tools/bin/../lib/gcc/arm-none-eabi/10.3.1/thumb/v7-m/nofp/crti.o
 .ARM.attributes
                0x000000000000001d       0x2d c:/st/stm32cubeide_1.11.2/stm32cubeide/plugins/com.st.stm32cube.ide.mcu.externaltools.gnu-tools-for-stm32.10.3-2021.10.win32_1.0.200.202301161003/tools/bin/../lib/gcc/arm-none-eabi/10.3.1/thumb/v7-m/nofp/crtbegin.o
 .ARM.attributes
                0x000000000000004a       0x2d ./Core/Src/fatfs_sd.o
 .ARM.attributes
                0x0000000000000077       0x2d ./Core/Src/main.o
 .ARM.attributes
                0x00000000000000a4       0x2d ./Core/Src/stm32f1xx_hal_msp.o
 .ARM.attributes
                0x00000000000000d1       0x2d ./Core/Src/stm32f1xx_it.o
 .ARM.attributes
                0x00000000000000fe       0x2d ./Core/Src/system_stm32f1xx.o
 .ARM.attributes
                0x000000000000012b       0x21 ./Core/Startup/startup_stm32f103rbtx.o
 .ARM.attributes
                0x000000000000014c       0x2d ./Drivers/STM32F1xx_HAL_Driver/Src/stm32f1xx_hal.o
 .ARM.attributes
                0x0000000000000179       0x2d ./Drivers/STM32F1xx_HAL_Driver/Src/stm32f1xx_hal_cortex.o
 .ARM.attributes
                0x00000000000001a6       0x2d ./Drivers/STM32F1xx_HAL_Driver/Src/stm32f1xx_hal_gpio.o
 .ARM.attributes
                0x00000000000001d3       0x2d ./Drivers/STM32F1xx_HAL_Driver/Src/stm32f1xx_hal_rcc.o
 .ARM.attributes
                0x0000000000000200       0x2d ./Drivers/STM32F1xx_HAL_Driver/Src/stm32f1xx_hal_spi.o
 .ARM.attributes
                0x000000000000022d       0x2d ./Drivers/STM32F1xx_HAL_Driver/Src/stm32f1xx_hal_uart.o
 .ARM.attributes
                0x000000000000025a       0x2d ./FATFS/App/fatfs.o
 .ARM.attributes
                0x0000000000000287       0x2d ./FATFS/Target/user_diskio.o
 .ARM.attributes
                0x00000000000002b4       0x2d ./Middlewares/Third_Party/FatFs/src/diskio.o
 .ARM.attributes
                0x00000000000002e1       0x2d ./Middlewares/Third_Party/FatFs/src/ff.o
 .ARM.attributes
                0x000000000000030e       0x2d ./Middlewares/Third_Party/FatFs/src/ff_gen_drv.o
 .ARM.attributes
                0x000000000000033b       0x2d ./Middlewares/Third_Party/FatFs/src/option/ccsbcs.o
 .ARM.attributes
                0x0000000000000368       0x2d c:/st/stm32cubeide_1.11.2/stm32cubeide/plugins/com.st.stm32cube.ide.mcu.externaltools.gnu-tools-for-stm32.10.3-2021.10.win32_1.0.200.202301161003/tools/bin/../lib/gcc/arm-none-eabi/10.3.1/../../../../arm-none-eabi/lib/thumb/v7-m/nofp\libc_nano.a(lib_a-init.o)
 .ARM.attributes
                0x0000000000000395       0x2d c:/st/stm32cubeide_1.11.2/stm32cubeide/plugins/com.st.stm32cube.ide.mcu.externaltools.gnu-tools-for-stm32.10.3-2021.10.win32_1.0.200.202301161003/tools/bin/../lib/gcc/arm-none-eabi/10.3.1/../../../../arm-none-eabi/lib/thumb/v7-m/nofp\libc_nano.a(lib_a-memset.o)
 .ARM.attributes
                0x00000000000003c2       0x1b c:/st/stm32cubeide_1.11.2/stm32cubeide/plugins/com.st.stm32cube.ide.mcu.externaltools.gnu-tools-for-stm32.10.3-2021.10.win32_1.0.200.202301161003/tools/bin/../lib/gcc/arm-none-eabi/10.3.1/../../../../arm-none-eabi/lib/thumb/v7-m/nofp\libc_nano.a(lib_a-strcmp.o)
 .ARM.attributes
                0x00000000000003dd       0x17 c:/st/stm32cubeide_1.11.2/stm32cubeide/plugins/com.st.stm32cube.ide.mcu.externaltools.gnu-tools-for-stm32.10.3-2021.10.win32_1.0.200.202301161003/tools/bin/../lib/gcc/arm-none-eabi/10.3.1/../../../../arm-none-eabi/lib/thumb/v7-m/nofp\libc_nano.a(lib_a-strlen.o)
 .ARM.attributes
                0x00000000000003f4       0x1d c:/st/stm32cubeide_1.11.2/stm32cubeide/plugins/com.st.stm32cube.ide.mcu.externaltools.gnu-tools-for-stm32.10.3-2021.10.win32_1.0.200.202301161003/tools/bin/../lib/gcc/arm-none-eabi/10.3.1/thumb/v7-m/nofp/crtn.o
OUTPUT(kursach.elf elf32-littlearm)
LOAD linker stubs
LOAD c:/st/stm32cubeide_1.11.2/stm32cubeide/plugins/com.st.stm32cube.ide.mcu.externaltools.gnu-tools-for-stm32.10.3-2021.10.win32_1.0.200.202301161003/tools/bin/../lib/gcc/arm-none-eabi/10.3.1/../../../../arm-none-eabi/lib/thumb/v7-m/nofp\libc.a
LOAD c:/st/stm32cubeide_1.11.2/stm32cubeide/plugins/com.st.stm32cube.ide.mcu.externaltools.gnu-tools-for-stm32.10.3-2021.10.win32_1.0.200.202301161003/tools/bin/../lib/gcc/arm-none-eabi/10.3.1/../../../../arm-none-eabi/lib/thumb/v7-m/nofp\libm.a
LOAD c:/st/stm32cubeide_1.11.2/stm32cubeide/plugins/com.st.stm32cube.ide.mcu.externaltools.gnu-tools-for-stm32.10.3-2021.10.win32_1.0.200.202301161003/tools/bin/../lib/gcc/arm-none-eabi/10.3.1/thumb/v7-m/nofp\libgcc.a

.comment        0x0000000000000000       0x50
 .comment       0x0000000000000000       0x50 ./Core/Src/fatfs_sd.o
                                         0x51 (size before relaxing)
 .comment       0x0000000000000050       0x51 ./Core/Src/main.o
 .comment       0x0000000000000050       0x51 ./Core/Src/stm32f1xx_hal_msp.o
 .comment       0x0000000000000050       0x51 ./Core/Src/stm32f1xx_it.o
 .comment       0x0000000000000050       0x51 ./Core/Src/system_stm32f1xx.o
 .comment       0x0000000000000050       0x51 ./Drivers/STM32F1xx_HAL_Driver/Src/stm32f1xx_hal.o
 .comment       0x0000000000000050       0x51 ./Drivers/STM32F1xx_HAL_Driver/Src/stm32f1xx_hal_cortex.o
 .comment       0x0000000000000050       0x51 ./Drivers/STM32F1xx_HAL_Driver/Src/stm32f1xx_hal_gpio.o
 .comment       0x0000000000000050       0x51 ./Drivers/STM32F1xx_HAL_Driver/Src/stm32f1xx_hal_rcc.o
 .comment       0x0000000000000050       0x51 ./Drivers/STM32F1xx_HAL_Driver/Src/stm32f1xx_hal_spi.o
 .comment       0x0000000000000050       0x51 ./Drivers/STM32F1xx_HAL_Driver/Src/stm32f1xx_hal_uart.o
 .comment       0x0000000000000050       0x51 ./FATFS/App/fatfs.o
 .comment       0x0000000000000050       0x51 ./FATFS/Target/user_diskio.o
 .comment       0x0000000000000050       0x51 ./Middlewares/Third_Party/FatFs/src/diskio.o
 .comment       0x0000000000000050       0x51 ./Middlewares/Third_Party/FatFs/src/ff.o
 .comment       0x0000000000000050       0x51 ./Middlewares/Third_Party/FatFs/src/ff_gen_drv.o
 .comment       0x0000000000000050       0x51 ./Middlewares/Third_Party/FatFs/src/option/ccsbcs.o

.debug_frame    0x0000000000000000       0x6c
 .debug_frame   0x0000000000000000       0x2c c:/st/stm32cubeide_1.11.2/stm32cubeide/plugins/com.st.stm32cube.ide.mcu.externaltools.gnu-tools-for-stm32.10.3-2021.10.win32_1.0.200.202301161003/tools/bin/../lib/gcc/arm-none-eabi/10.3.1/../../../../arm-none-eabi/lib/thumb/v7-m/nofp\libc_nano.a(lib_a-init.o)
 .debug_frame   0x000000000000002c       0x20 c:/st/stm32cubeide_1.11.2/stm32cubeide/plugins/com.st.stm32cube.ide.mcu.externaltools.gnu-tools-for-stm32.10.3-2021.10.win32_1.0.200.202301161003/tools/bin/../lib/gcc/arm-none-eabi/10.3.1/../../../../arm-none-eabi/lib/thumb/v7-m/nofp\libc_nano.a(lib_a-memset.o)
 .debug_frame   0x000000000000004c       0x20 c:/st/stm32cubeide_1.11.2/stm32cubeide/plugins/com.st.stm32cube.ide.mcu.externaltools.gnu-tools-for-stm32.10.3-2021.10.win32_1.0.200.202301161003/tools/bin/../lib/gcc/arm-none-eabi/10.3.1/../../../../arm-none-eabi/lib/thumb/v7-m/nofp\libc_nano.a(lib_a-strcmp.o)
